******************************************************************************
                  TI ARM Linker PC v16.9.3                     
******************************************************************************
>> Linked Thu Mar 08 10:49:49 2018

OUTPUT FILE NAME:   <ble5_spp_ble_server_cc2640r2lp_app.out>
ENTRY POINT SYMBOL: "ResetISR"  address: 000101dd


MEMORY CONFIGURATION

         name            origin    length      used     unused   attr    fill
----------------------  --------  ---------  --------  --------  ----  --------
  FLASH                 00000000   0001f000  00015ae0  00009520  R  X
  FLASH_LAST_PAGE       0001f000   00001000  00000058  00000fa8  R  X
  SRAM                  20000000   00004400  000032a4  0000115c  RW X


SEGMENT ALLOCATION MAP

run origin  load origin   length   init length attrs members
----------  ----------- ---------- ----------- ----- -------
00000000    00000000    00014aec   00014aec    r-x
  00000000    00000000    0000003c   0000003c    r-- .resetVecs
  0000003c    0000003c    00000fc4   00000fc4    r-x .text.1
  00001000    00001000    00000028   00000028    r-- .const:ti_sysbios_heaps_HeapMem_Module__FXNS__C
  00001028    00001028    00000024   00000024    r-- .const:ti_sysbios_gates_GateHwi_Module__FXNS__C
  0000104c    0000104c    00000024   00000024    r-- .const:ti_sysbios_gates_GateMutex_Module__FXNS__C
  00001070    00001070    00000020   00000020    r-- .const:ti_sysbios_family_arm_m3_Hwi_Object__DESC__C
  00001090    00001090    00000020   00000020    r-- .const:ti_sysbios_gates_GateHwi_Object__DESC__C
  000010b0    000010b0    00000020   00000020    r-- .const:ti_sysbios_gates_GateMutex_Object__DESC__C
  000010d0    000010d0    00000020   00000020    r-- .const:ti_sysbios_hal_Hwi_Object__DESC__C
  000010f0    000010f0    00000020   00000020    r-- .const:ti_sysbios_heaps_HeapMem_Object__DESC__C
  00001110    00001110    00000020   00000020    r-- .const:ti_sysbios_knl_Clock_Object__DESC__C
  00001130    00001130    00000020   00000020    r-- .const:ti_sysbios_knl_Event_Object__DESC__C
  00001150    00001150    00000020   00000020    r-- .const:ti_sysbios_knl_Mailbox_Object__DESC__C
  00001170    00001170    00000020   00000020    r-- .const:ti_sysbios_knl_Queue_Object__DESC__C
  00001190    00001190    00000020   00000020    r-- .const:ti_sysbios_knl_Semaphore_Object__DESC__C
  000011b0    000011b0    00000020   00000020    r-- .const:ti_sysbios_knl_Swi_Object__DESC__C
  000011d0    000011d0    00000020   00000020    r-- .const:ti_sysbios_knl_Task_Object__DESC__C
  000011f0    000011f0    00000008   00000008    r-- .const:ti_sysbios_knl_Idle_funcList__C
  000011f8    000011f8    00000004   00000004    r-- .const:ti_sysbios_family_arm_cc26xx_Timer_startupNeeded__C
  000011fc    000011fc    00000004   00000004    r-- .const:ti_sysbios_family_arm_m3_Hwi_E_alreadyDefined__C
  00001200    00001200    00000004   00000004    r-- .const:ti_sysbios_family_arm_m3_Hwi_E_hwiLimitExceeded__C
  00001204    00001204    00000004   00000004    r-- .const:ti_sysbios_family_arm_m3_Hwi_NUM_INTERRUPTS__C
  00001208    00001208    00000004   00000004    r-- .const:ti_sysbios_family_arm_m3_Hwi_Object__count__C
  0000120c    0000120c    00000004   00000004    r-- .const:ti_sysbios_family_arm_m3_Hwi_Object__table__C
  00001210    00001210    00000004   00000004    r-- .const:ti_sysbios_family_arm_m3_Hwi_ccr__C
  00001214    00001214    00000004   00000004    r-- .const:ti_sysbios_family_arm_m3_Hwi_excHandlerFunc__C
  00001218    00001218    00000004   00000004    r-- .const:ti_sysbios_family_arm_m3_Hwi_nullIsrFunc__C
  0000121c    0000121c    00000004   00000004    r-- .const:ti_sysbios_family_arm_m3_Hwi_numSparseInterrupts__C
  00001220    00001220    00000004   00000004    r-- .const:ti_sysbios_family_arm_m3_Hwi_priGroup__C
  00001224    00001224    00000004   00000004    r-- .const:ti_sysbios_family_arm_m3_TaskSupport_stackAlignment__C
  00001228    00001228    00000004   00000004    r-- .const:ti_sysbios_heaps_HeapMem_E_memory__C
  0000122c    0000122c    00000004   00000004    r-- .const:ti_sysbios_heaps_HeapMem_Module__gateObj__C
  00001230    00001230    00000004   00000004    r-- .const:ti_sysbios_heaps_HeapMem_Object__count__C
  00001234    00001234    00000004   00000004    r-- .const:ti_sysbios_heaps_HeapMem_Object__table__C
  00001238    00001238    00000004   00000004    r-- .const:ti_sysbios_heaps_HeapMem_reqAlign__C
  0000123c    0000123c    00000004   00000004    r-- .const:ti_sysbios_knl_Clock_triggerClock__C
  00001240    00001240    00000004   00000004    r-- .const:ti_sysbios_knl_Mailbox_Object__count__C
  00001244    00001244    00000004   00000004    r-- .const:ti_sysbios_knl_Mailbox_Object__table__C
  00001248    00001248    00000004   00000004    r-- .const:ti_sysbios_knl_Mailbox_maxTypeAlign__C
  0000124c    0000124c    00000004   00000004    r-- .const:ti_sysbios_knl_Queue_Object__count__C
  00001250    00001250    00000004   00000004    r-- .const:ti_sysbios_knl_Queue_Object__table__C
  00001254    00001254    00000004   00000004    r-- .const:ti_sysbios_knl_Semaphore_eventPost__C
  00001258    00001258    00000004   00000004    r-- .const:ti_sysbios_knl_Semaphore_eventSync__C
  0000125c    0000125c    00000004   00000004    r-- .const:ti_sysbios_knl_Swi_Object__count__C
  00001260    00001260    00000004   00000004    r-- .const:ti_sysbios_knl_Swi_Object__table__C
  00001264    00001264    00000004   00000004    r-- .const:ti_sysbios_knl_Swi_numPriorities__C
  00001268    00001268    00000004   00000004    r-- .const:ti_sysbios_knl_Task_Object__count__C
  0000126c    0000126c    00000004   00000004    r-- .const:ti_sysbios_knl_Task_Object__table__C
  00001270    00001270    00000004   00000004    r-- .const:ti_sysbios_knl_Task_allBlockedFunc__C
  00001274    00001274    00000004   00000004    r-- .const:ti_sysbios_knl_Task_defaultStackHeap__C
  00001278    00001278    00000004   00000004    r-- .const:ti_sysbios_knl_Task_defaultStackSize__C
  0000127c    0000127c    00000004   00000004    r-- .const:ti_sysbios_knl_Task_numConstructedTasks__C
  00001280    00001280    00000002   00000002    r-- .const:ti_sysbios_family_arm_cc26xx_Timer_Module__id__C
  00001282    00001282    00000002   00000002    r-- .const:ti_sysbios_family_arm_cc26xx_TimestampProvider_useClockTimer__C
  00001284    00001284    00000002   00000002    r-- .const:ti_sysbios_family_arm_m3_Hwi_Module__id__C
  00001286    00001286    00000002   00000002    r-- .const:ti_sysbios_gates_GateHwi_Module__id__C
  00001288    00001288    00000002   00000002    r-- .const:ti_sysbios_gates_GateMutex_Module__id__C
  0000128a    0000128a    00000002   00000002    r-- .const:ti_sysbios_heaps_HeapMem_Module__id__C
  0000128c    0000128c    00000002   00000002    r-- .const:ti_sysbios_knl_Task_initStackFlag__C
  0000128e    0000128e    00000001   00000001    r-- .const:ti_sysbios_knl_Clock_tickMode__C
  00001290    00001290    00000008   00000008    r-- .const:xdc_runtime_Startup_firstFxns__C
  00001298    00001298    00000008   00000008    r-- .const:xdc_runtime_Startup_lastFxns__C
  000012a0    000012a0    00000004   00000004    r-- .const:xdc_runtime_Assert_E_assertFailed__C
  000012a4    000012a4    00000004   00000004    r-- .const:xdc_runtime_Error_E_memory__C
  000012a8    000012a8    00000004   00000004    r-- .const:xdc_runtime_Error_policyFxn__C
  000012ac    000012ac    00000004   00000004    r-- .const:xdc_runtime_Error_raiseHook__C
  000012b0    000012b0    00000004   00000004    r-- .const:xdc_runtime_IGateProvider_Interface__BASE__C
  000012b4    000012b4    00000004   00000004    r-- .const:xdc_runtime_IHeap_Interface__BASE__C
  000012b8    000012b8    00000004   00000004    r-- .const:xdc_runtime_IModule_Interface__BASE__C
  000012bc    000012bc    00000004   00000004    r-- .const:xdc_runtime_Memory_defaultHeapInstance__C
  000012c0    000012c0    00000004   00000004    r-- .const:xdc_runtime_Startup_execImpl__C
  000012c4    000012c4    00000004   00000004    r-- .const:xdc_runtime_Startup_maxPasses__C
  000012c8    000012c8    00000004   00000004    r-- .const:xdc_runtime_Startup_sfxnRts__C
  000012cc    000012cc    00000004   00000004    r-- .const:xdc_runtime_Startup_sfxnTab__C
  000012d0    000012d0    00000004   00000004    r-- .const:xdc_runtime_Startup_startModsFxn__C
  000012d4    000012d4    00000004   00000004    r-- .const:xdc_runtime_SysCallback_abortFxn__C
  000012d8    000012d8    00000004   00000004    r-- .const:xdc_runtime_SysCallback_exitFxn__C
  000012dc    000012dc    00000004   00000004    r-- .const:xdc_runtime_System_abortFxn__C
  000012e0    000012e0    00000004   00000004    r-- .const:xdc_runtime_System_exitFxn__C
  000012e4    000012e4    00000004   00000004    r-- .const:xdc_runtime_System_maxAtexitHandlers__C
  000012e8    000012e8    00000004   00000004    r-- .const:xdc_runtime_Text_charTab__C
  000012ec    000012ec    00000004   00000004    r-- .const:xdc_runtime_Text_nameEmpty__C
  000012f0    000012f0    00000004   00000004    r-- .const:xdc_runtime_Text_nameStatic__C
  000012f4    000012f4    00000004   00000004    r-- .const:xdc_runtime_Text_nameUnknown__C
  000012f8    000012f8    00000002   00000002    r-- .const:xdc_runtime_Error_maxDepth__C
  000012fa    000012fa    00000002   00000002    r-- .const:xdc_runtime_Memory_Module__id__C
  000012fc    000012fc    00000002   00000002    r-- .const:xdc_runtime_Text_charCnt__C
  000012fe    000012fe    00000002   00000002    r-- .const:xdc_runtime_Text_isLoaded__C
  00001300    00001300    00000001   00000001    r-- .const:xdc_runtime_Error_policy__C
  00001304    00001304    00000004   00000004    r-- .const:ti_sysbios_rom_ROM_ti_sysbios_family_arm_cc26xx_Timer_getCount64__E
  00001308    00001308    00000004   00000004    r-- .const:ti_sysbios_rom_ROM_ti_sysbios_family_arm_cc26xx_Timer_getCurrentTick__E
  0000130c    0000130c    00000004   00000004    r-- .const:ti_sysbios_rom_ROM_ti_sysbios_family_arm_cc26xx_Timer_getMaxTicks__E
  00001310    00001310    00000004   00000004    r-- .const:ti_sysbios_rom_ROM_ti_sysbios_family_arm_cc26xx_Timer_initDevice__I
  00001314    00001314    00000004   00000004    r-- .const:ti_sysbios_rom_ROM_ti_sysbios_family_arm_cc26xx_Timer_setNextTick__E
  00001318    00001318    00000004   00000004    r-- .const:ti_sysbios_rom_ROM_ti_sysbios_family_arm_cc26xx_Timer_setThreshold__I
  0000131c    0000131c    00000004   00000004    r-- .const:ti_sysbios_rom_ROM_ti_sysbios_family_arm_cc26xx_Timer_start__E
  00001320    00001320    00000004   00000004    r-- .const:ti_sysbios_rom_ROM_ti_sysbios_family_arm_cc26xx_TimestampProvider_get32__E
  00001324    00001324    00000004   00000004    r-- .const:ti_sysbios_rom_ROM_xdc_runtime_Startup_getState__I
  00001328    00001328    00000004   00000004    r-- .const:ti_sysbios_rom_ROM_xdc_runtime_System_SupportProxy_abort__E
  0000132c    0000132c    00000004   00000004    r-- .const:ti_sysbios_rom_ROM_xdc_runtime_System_SupportProxy_exit__E
  00001330    00001330    0001233c   0001233c    r-x .text.2
  0001366c    0001366c    00000eba   00000eba    r-- .const
  00014528    00014528    0000009a   0000009a    r-- .rodata
  000145c8    000145c8    00000524   00000524    r-- .cinit
0001e000    0001e000    00001000   00001000    r--
  0001e000    0001e000    00001000   00001000    r-- .TI.bound:NV_FLASH
0001ffa8    0001ffa8    00000058   00000058    r--
  0001ffa8    0001ffa8    00000058   00000058    r-- .ccfg
20000100    20000100    00002dde   00000000    rw-
  20000100    20000100    00000044   00000000    rw- .data:ti_sysbios_knl_Task_Module__state__V
  20000144    20000144    00000034   00000000    rw- .data:ti_sysbios_family_arm_m3_Hwi_Module__state__V
  20000178    20000178    0000002c   00000000    rw- .data:ti_sysbios_knl_Clock_Module__state__V
  200001a4    200001a4    00000024   00000000    rw- .data:ti_sysbios_BIOS_Module__state__V
  200001c8    200001c8    0000001c   00000000    rw- .data:ti_sysbios_knl_Swi_Module__state__V
  200001e4    200001e4    00000008   00000000    rw- .data:ti_sysbios_family_arm_cc26xx_Timer_Module__state__V
  200001ec    200001ec    00000004   00000000    rw- .data:ti_sysbios_family_arm_cc26xx_TimestampProvider_Module__state__V
  200001f0    200001f0    00000008   00000000    rw- .data:xdc_runtime_Startup_Module__state__V
  200001f8    200001f8    00000008   00000000    rw- .data:xdc_runtime_System_Module__state__V
  20000200    20000200    00000004   00000000    rw- .data:xdc_runtime_Memory_Module__state__V
  20000204    20000204    00000002   00000000    rw- .data:xdc_runtime_Error_Module__state__V
  20000208    20000208    00001c7b   00000000    rw- .data
  20001e88    20001e88    00001056   00000000    rw- .bss
20004000    20004000    00000400   00000000    rw-
  20004000    20004000    00000400   00000000    rw- .stack


SECTION ALLOCATION MAP

 output                                  attributes/
section   page    origin      length       input sections
--------  ----  ----------  ----------   ----------------
.resetVecs 
*          0    00000000    0000003c     
                  00000000    0000003c     app_ble_pem3.oem3 (.resetVecs)

.text.1    0    0000003c    00000fc4     
                  0000003c    00000f44     cc2640_ll_pxxx.a : ll.o (.text)
                  00000f80    00000008     ble_r2.symbols (.tramp.LL_ENC_GenerateTrueRandNum.1)
                  00000f88    00000008     ble_r2.symbols (.tramp.LL_PRIV_GenerateRSA.1)
                  00000f90    00000008     ble_r2.symbols (.tramp.LL_ENC_Init.1)
                  00000f98    00000068     driverlib.lib : sys_ctrl.obj (.text:NOROM_SysCtrl_DCDC_VoltageConditionalControl)

.const:ti_sysbios_heaps_HeapMem_Module__FXNS__C 
*          0    00001000    00000028     
                  00001000    00000028     app_ble_pem3.oem3 (.const:ti_sysbios_heaps_HeapMem_Module__FXNS__C)

.const:ti_sysbios_gates_GateHwi_Module__FXNS__C 
*          0    00001028    00000024     
                  00001028    00000024     app_ble_pem3.oem3 (.const:ti_sysbios_gates_GateHwi_Module__FXNS__C)

.const:ti_sysbios_gates_GateMutex_Module__FXNS__C 
*          0    0000104c    00000024     
                  0000104c    00000024     app_ble_pem3.oem3 (.const:ti_sysbios_gates_GateMutex_Module__FXNS__C)

.const:ti_sysbios_family_arm_m3_Hwi_Object__DESC__C 
*          0    00001070    00000020     
                  00001070    00000020     app_ble_pem3.oem3 (.const:ti_sysbios_family_arm_m3_Hwi_Object__DESC__C)

.const:ti_sysbios_gates_GateHwi_Object__DESC__C 
*          0    00001090    00000020     
                  00001090    00000020     app_ble_pem3.oem3 (.const:ti_sysbios_gates_GateHwi_Object__DESC__C)

.const:ti_sysbios_gates_GateMutex_Object__DESC__C 
*          0    000010b0    00000020     
                  000010b0    00000020     app_ble_pem3.oem3 (.const:ti_sysbios_gates_GateMutex_Object__DESC__C)

.const:ti_sysbios_hal_Hwi_Object__DESC__C 
*          0    000010d0    00000020     
                  000010d0    00000020     app_ble_pem3.oem3 (.const:ti_sysbios_hal_Hwi_Object__DESC__C)

.const:ti_sysbios_heaps_HeapMem_Object__DESC__C 
*          0    000010f0    00000020     
                  000010f0    00000020     app_ble_pem3.oem3 (.const:ti_sysbios_heaps_HeapMem_Object__DESC__C)

.const:ti_sysbios_knl_Clock_Object__DESC__C 
*          0    00001110    00000020     
                  00001110    00000020     app_ble_pem3.oem3 (.const:ti_sysbios_knl_Clock_Object__DESC__C)

.const:ti_sysbios_knl_Event_Object__DESC__C 
*          0    00001130    00000020     
                  00001130    00000020     app_ble_pem3.oem3 (.const:ti_sysbios_knl_Event_Object__DESC__C)

.const:ti_sysbios_knl_Mailbox_Object__DESC__C 
*          0    00001150    00000020     
                  00001150    00000020     app_ble_pem3.oem3 (.const:ti_sysbios_knl_Mailbox_Object__DESC__C)

.const:ti_sysbios_knl_Queue_Object__DESC__C 
*          0    00001170    00000020     
                  00001170    00000020     app_ble_pem3.oem3 (.const:ti_sysbios_knl_Queue_Object__DESC__C)

.const:ti_sysbios_knl_Semaphore_Object__DESC__C 
*          0    00001190    00000020     
                  00001190    00000020     app_ble_pem3.oem3 (.const:ti_sysbios_knl_Semaphore_Object__DESC__C)

.const:ti_sysbios_knl_Swi_Object__DESC__C 
*          0    000011b0    00000020     
                  000011b0    00000020     app_ble_pem3.oem3 (.const:ti_sysbios_knl_Swi_Object__DESC__C)

.const:ti_sysbios_knl_Task_Object__DESC__C 
*          0    000011d0    00000020     
                  000011d0    00000020     app_ble_pem3.oem3 (.const:ti_sysbios_knl_Task_Object__DESC__C)

.const:ti_sysbios_knl_Idle_funcList__C 
*          0    000011f0    00000008     
                  000011f0    00000008     app_ble_pem3.oem3 (.const:ti_sysbios_knl_Idle_funcList__C)

.const:ti_sysbios_family_arm_cc26xx_Timer_startupNeeded__C 
*          0    000011f8    00000004     
                  000011f8    00000004     app_ble_pem3.oem3 (.const:ti_sysbios_family_arm_cc26xx_Timer_startupNeeded__C)

.const:ti_sysbios_family_arm_m3_Hwi_E_alreadyDefined__C 
*          0    000011fc    00000004     
                  000011fc    00000004     app_ble_pem3.oem3 (.const:ti_sysbios_family_arm_m3_Hwi_E_alreadyDefined__C)

.const:ti_sysbios_family_arm_m3_Hwi_E_hwiLimitExceeded__C 
*          0    00001200    00000004     
                  00001200    00000004     app_ble_pem3.oem3 (.const:ti_sysbios_family_arm_m3_Hwi_E_hwiLimitExceeded__C)

.const:ti_sysbios_family_arm_m3_Hwi_NUM_INTERRUPTS__C 
*          0    00001204    00000004     
                  00001204    00000004     app_ble_pem3.oem3 (.const:ti_sysbios_family_arm_m3_Hwi_NUM_INTERRUPTS__C)

.const:ti_sysbios_family_arm_m3_Hwi_Object__count__C 
*          0    00001208    00000004     
                  00001208    00000004     app_ble_pem3.oem3 (.const:ti_sysbios_family_arm_m3_Hwi_Object__count__C)

.const:ti_sysbios_family_arm_m3_Hwi_Object__table__C 
*          0    0000120c    00000004     
                  0000120c    00000004     app_ble_pem3.oem3 (.const:ti_sysbios_family_arm_m3_Hwi_Object__table__C)

.const:ti_sysbios_family_arm_m3_Hwi_ccr__C 
*          0    00001210    00000004     
                  00001210    00000004     app_ble_pem3.oem3 (.const:ti_sysbios_family_arm_m3_Hwi_ccr__C)

.const:ti_sysbios_family_arm_m3_Hwi_excHandlerFunc__C 
*          0    00001214    00000004     
                  00001214    00000004     app_ble_pem3.oem3 (.const:ti_sysbios_family_arm_m3_Hwi_excHandlerFunc__C)

.const:ti_sysbios_family_arm_m3_Hwi_nullIsrFunc__C 
*          0    00001218    00000004     
                  00001218    00000004     app_ble_pem3.oem3 (.const:ti_sysbios_family_arm_m3_Hwi_nullIsrFunc__C)

.const:ti_sysbios_family_arm_m3_Hwi_numSparseInterrupts__C 
*          0    0000121c    00000004     
                  0000121c    00000004     app_ble_pem3.oem3 (.const:ti_sysbios_family_arm_m3_Hwi_numSparseInterrupts__C)

.const:ti_sysbios_family_arm_m3_Hwi_priGroup__C 
*          0    00001220    00000004     
                  00001220    00000004     app_ble_pem3.oem3 (.const:ti_sysbios_family_arm_m3_Hwi_priGroup__C)

.const:ti_sysbios_family_arm_m3_TaskSupport_stackAlignment__C 
*          0    00001224    00000004     
                  00001224    00000004     app_ble_pem3.oem3 (.const:ti_sysbios_family_arm_m3_TaskSupport_stackAlignment__C)

.const:ti_sysbios_heaps_HeapMem_E_memory__C 
*          0    00001228    00000004     
                  00001228    00000004     app_ble_pem3.oem3 (.const:ti_sysbios_heaps_HeapMem_E_memory__C)

.const:ti_sysbios_heaps_HeapMem_Module__gateObj__C 
*          0    0000122c    00000004     
                  0000122c    00000004     app_ble_pem3.oem3 (.const:ti_sysbios_heaps_HeapMem_Module__gateObj__C)

.const:ti_sysbios_heaps_HeapMem_Object__count__C 
*          0    00001230    00000004     
                  00001230    00000004     app_ble_pem3.oem3 (.const:ti_sysbios_heaps_HeapMem_Object__count__C)

.const:ti_sysbios_heaps_HeapMem_Object__table__C 
*          0    00001234    00000004     
                  00001234    00000004     app_ble_pem3.oem3 (.const:ti_sysbios_heaps_HeapMem_Object__table__C)

.const:ti_sysbios_heaps_HeapMem_reqAlign__C 
*          0    00001238    00000004     
                  00001238    00000004     app_ble_pem3.oem3 (.const:ti_sysbios_heaps_HeapMem_reqAlign__C)

.const:ti_sysbios_knl_Clock_triggerClock__C 
*          0    0000123c    00000004     
                  0000123c    00000004     app_ble_pem3.oem3 (.const:ti_sysbios_knl_Clock_triggerClock__C)

.const:ti_sysbios_knl_Mailbox_Object__count__C 
*          0    00001240    00000004     
                  00001240    00000004     app_ble_pem3.oem3 (.const:ti_sysbios_knl_Mailbox_Object__count__C)

.const:ti_sysbios_knl_Mailbox_Object__table__C 
*          0    00001244    00000004     
                  00001244    00000004     app_ble_pem3.oem3 (.const:ti_sysbios_knl_Mailbox_Object__table__C)

.const:ti_sysbios_knl_Mailbox_maxTypeAlign__C 
*          0    00001248    00000004     
                  00001248    00000004     app_ble_pem3.oem3 (.const:ti_sysbios_knl_Mailbox_maxTypeAlign__C)

.const:ti_sysbios_knl_Queue_Object__count__C 
*          0    0000124c    00000004     
                  0000124c    00000004     app_ble_pem3.oem3 (.const:ti_sysbios_knl_Queue_Object__count__C)

.const:ti_sysbios_knl_Queue_Object__table__C 
*          0    00001250    00000004     
                  00001250    00000004     app_ble_pem3.oem3 (.const:ti_sysbios_knl_Queue_Object__table__C)

.const:ti_sysbios_knl_Semaphore_eventPost__C 
*          0    00001254    00000004     
                  00001254    00000004     app_ble_pem3.oem3 (.const:ti_sysbios_knl_Semaphore_eventPost__C)

.const:ti_sysbios_knl_Semaphore_eventSync__C 
*          0    00001258    00000004     
                  00001258    00000004     app_ble_pem3.oem3 (.const:ti_sysbios_knl_Semaphore_eventSync__C)

.const:ti_sysbios_knl_Swi_Object__count__C 
*          0    0000125c    00000004     
                  0000125c    00000004     app_ble_pem3.oem3 (.const:ti_sysbios_knl_Swi_Object__count__C)

.const:ti_sysbios_knl_Swi_Object__table__C 
*          0    00001260    00000004     
                  00001260    00000004     app_ble_pem3.oem3 (.const:ti_sysbios_knl_Swi_Object__table__C)

.const:ti_sysbios_knl_Swi_numPriorities__C 
*          0    00001264    00000004     
                  00001264    00000004     app_ble_pem3.oem3 (.const:ti_sysbios_knl_Swi_numPriorities__C)

.const:ti_sysbios_knl_Task_Object__count__C 
*          0    00001268    00000004     
                  00001268    00000004     app_ble_pem3.oem3 (.const:ti_sysbios_knl_Task_Object__count__C)

.const:ti_sysbios_knl_Task_Object__table__C 
*          0    0000126c    00000004     
                  0000126c    00000004     app_ble_pem3.oem3 (.const:ti_sysbios_knl_Task_Object__table__C)

.const:ti_sysbios_knl_Task_allBlockedFunc__C 
*          0    00001270    00000004     
                  00001270    00000004     app_ble_pem3.oem3 (.const:ti_sysbios_knl_Task_allBlockedFunc__C)

.const:ti_sysbios_knl_Task_defaultStackHeap__C 
*          0    00001274    00000004     
                  00001274    00000004     app_ble_pem3.oem3 (.const:ti_sysbios_knl_Task_defaultStackHeap__C)

.const:ti_sysbios_knl_Task_defaultStackSize__C 
*          0    00001278    00000004     
                  00001278    00000004     app_ble_pem3.oem3 (.const:ti_sysbios_knl_Task_defaultStackSize__C)

.const:ti_sysbios_knl_Task_numConstructedTasks__C 
*          0    0000127c    00000004     
                  0000127c    00000004     app_ble_pem3.oem3 (.const:ti_sysbios_knl_Task_numConstructedTasks__C)

.const:ti_sysbios_family_arm_cc26xx_Timer_Module__id__C 
*          0    00001280    00000002     
                  00001280    00000002     app_ble_pem3.oem3 (.const:ti_sysbios_family_arm_cc26xx_Timer_Module__id__C)

.const:ti_sysbios_family_arm_cc26xx_TimestampProvider_useClockTimer__C 
*          0    00001282    00000002     
                  00001282    00000002     app_ble_pem3.oem3 (.const:ti_sysbios_family_arm_cc26xx_TimestampProvider_useClockTimer__C)

.const:ti_sysbios_family_arm_m3_Hwi_Module__id__C 
*          0    00001284    00000002     
                  00001284    00000002     app_ble_pem3.oem3 (.const:ti_sysbios_family_arm_m3_Hwi_Module__id__C)

.const:ti_sysbios_gates_GateHwi_Module__id__C 
*          0    00001286    00000002     
                  00001286    00000002     app_ble_pem3.oem3 (.const:ti_sysbios_gates_GateHwi_Module__id__C)

.const:ti_sysbios_gates_GateMutex_Module__id__C 
*          0    00001288    00000002     
                  00001288    00000002     app_ble_pem3.oem3 (.const:ti_sysbios_gates_GateMutex_Module__id__C)

.const:ti_sysbios_heaps_HeapMem_Module__id__C 
*          0    0000128a    00000002     
                  0000128a    00000002     app_ble_pem3.oem3 (.const:ti_sysbios_heaps_HeapMem_Module__id__C)

.const:ti_sysbios_knl_Task_initStackFlag__C 
*          0    0000128c    00000002     
                  0000128c    00000002     app_ble_pem3.oem3 (.const:ti_sysbios_knl_Task_initStackFlag__C)

.const:ti_sysbios_knl_Clock_tickMode__C 
*          0    0000128e    00000001     
                  0000128e    00000001     app_ble_pem3.oem3 (.const:ti_sysbios_knl_Clock_tickMode__C)

.const:xdc_runtime_Startup_firstFxns__C 
*          0    00001290    00000008     
                  00001290    00000008     app_ble_pem3.oem3 (.const:xdc_runtime_Startup_firstFxns__C)

.const:xdc_runtime_Startup_lastFxns__C 
*          0    00001298    00000008     
                  00001298    00000008     app_ble_pem3.oem3 (.const:xdc_runtime_Startup_lastFxns__C)

.const:xdc_runtime_Assert_E_assertFailed__C 
*          0    000012a0    00000004     
                  000012a0    00000004     app_ble_pem3.oem3 (.const:xdc_runtime_Assert_E_assertFailed__C)

.const:xdc_runtime_Error_E_memory__C 
*          0    000012a4    00000004     
                  000012a4    00000004     app_ble_pem3.oem3 (.const:xdc_runtime_Error_E_memory__C)

.const:xdc_runtime_Error_policyFxn__C 
*          0    000012a8    00000004     
                  000012a8    00000004     app_ble_pem3.oem3 (.const:xdc_runtime_Error_policyFxn__C)

.const:xdc_runtime_Error_raiseHook__C 
*          0    000012ac    00000004     
                  000012ac    00000004     app_ble_pem3.oem3 (.const:xdc_runtime_Error_raiseHook__C)

.const:xdc_runtime_IGateProvider_Interface__BASE__C 
*          0    000012b0    00000004     
                  000012b0    00000004     app_ble_pem3.oem3 (.const:xdc_runtime_IGateProvider_Interface__BASE__C)

.const:xdc_runtime_IHeap_Interface__BASE__C 
*          0    000012b4    00000004     
                  000012b4    00000004     app_ble_pem3.oem3 (.const:xdc_runtime_IHeap_Interface__BASE__C)

.const:xdc_runtime_IModule_Interface__BASE__C 
*          0    000012b8    00000004     
                  000012b8    00000004     app_ble_pem3.oem3 (.const:xdc_runtime_IModule_Interface__BASE__C)

.const:xdc_runtime_Memory_defaultHeapInstance__C 
*          0    000012bc    00000004     
                  000012bc    00000004     app_ble_pem3.oem3 (.const:xdc_runtime_Memory_defaultHeapInstance__C)

.const:xdc_runtime_Startup_execImpl__C 
*          0    000012c0    00000004     
                  000012c0    00000004     app_ble_pem3.oem3 (.const:xdc_runtime_Startup_execImpl__C)

.const:xdc_runtime_Startup_maxPasses__C 
*          0    000012c4    00000004     
                  000012c4    00000004     app_ble_pem3.oem3 (.const:xdc_runtime_Startup_maxPasses__C)

.const:xdc_runtime_Startup_sfxnRts__C 
*          0    000012c8    00000004     
                  000012c8    00000004     app_ble_pem3.oem3 (.const:xdc_runtime_Startup_sfxnRts__C)

.const:xdc_runtime_Startup_sfxnTab__C 
*          0    000012cc    00000004     
                  000012cc    00000004     app_ble_pem3.oem3 (.const:xdc_runtime_Startup_sfxnTab__C)

.const:xdc_runtime_Startup_startModsFxn__C 
*          0    000012d0    00000004     
                  000012d0    00000004     app_ble_pem3.oem3 (.const:xdc_runtime_Startup_startModsFxn__C)

.const:xdc_runtime_SysCallback_abortFxn__C 
*          0    000012d4    00000004     
                  000012d4    00000004     app_ble_pem3.oem3 (.const:xdc_runtime_SysCallback_abortFxn__C)

.const:xdc_runtime_SysCallback_exitFxn__C 
*          0    000012d8    00000004     
                  000012d8    00000004     app_ble_pem3.oem3 (.const:xdc_runtime_SysCallback_exitFxn__C)

.const:xdc_runtime_System_abortFxn__C 
*          0    000012dc    00000004     
                  000012dc    00000004     app_ble_pem3.oem3 (.const:xdc_runtime_System_abortFxn__C)

.const:xdc_runtime_System_exitFxn__C 
*          0    000012e0    00000004     
                  000012e0    00000004     app_ble_pem3.oem3 (.const:xdc_runtime_System_exitFxn__C)

.const:xdc_runtime_System_maxAtexitHandlers__C 
*          0    000012e4    00000004     
                  000012e4    00000004     app_ble_pem3.oem3 (.const:xdc_runtime_System_maxAtexitHandlers__C)

.const:xdc_runtime_Text_charTab__C 
*          0    000012e8    00000004     
                  000012e8    00000004     app_ble_pem3.oem3 (.const:xdc_runtime_Text_charTab__C)

.const:xdc_runtime_Text_nameEmpty__C 
*          0    000012ec    00000004     
                  000012ec    00000004     app_ble_pem3.oem3 (.const:xdc_runtime_Text_nameEmpty__C)

.const:xdc_runtime_Text_nameStatic__C 
*          0    000012f0    00000004     
                  000012f0    00000004     app_ble_pem3.oem3 (.const:xdc_runtime_Text_nameStatic__C)

.const:xdc_runtime_Text_nameUnknown__C 
*          0    000012f4    00000004     
                  000012f4    00000004     app_ble_pem3.oem3 (.const:xdc_runtime_Text_nameUnknown__C)

.const:xdc_runtime_Error_maxDepth__C 
*          0    000012f8    00000002     
                  000012f8    00000002     app_ble_pem3.oem3 (.const:xdc_runtime_Error_maxDepth__C)

.const:xdc_runtime_Memory_Module__id__C 
*          0    000012fa    00000002     
                  000012fa    00000002     app_ble_pem3.oem3 (.const:xdc_runtime_Memory_Module__id__C)

.const:xdc_runtime_Text_charCnt__C 
*          0    000012fc    00000002     
                  000012fc    00000002     app_ble_pem3.oem3 (.const:xdc_runtime_Text_charCnt__C)

.const:xdc_runtime_Text_isLoaded__C 
*          0    000012fe    00000002     
                  000012fe    00000002     app_ble_pem3.oem3 (.const:xdc_runtime_Text_isLoaded__C)

.const:xdc_runtime_Error_policy__C 
*          0    00001300    00000001     
                  00001300    00000001     app_ble_pem3.oem3 (.const:xdc_runtime_Error_policy__C)

.const:ti_sysbios_rom_ROM_ti_sysbios_family_arm_cc26xx_Timer_getCount64__E 
*          0    00001304    00000004     
                  00001304    00000004     app_ble_pem3.oem3 (.const:ti_sysbios_rom_ROM_ti_sysbios_family_arm_cc26xx_Timer_getCount64__E)

.const:ti_sysbios_rom_ROM_ti_sysbios_family_arm_cc26xx_Timer_getCurrentTick__E 
*          0    00001308    00000004     
                  00001308    00000004     app_ble_pem3.oem3 (.const:ti_sysbios_rom_ROM_ti_sysbios_family_arm_cc26xx_Timer_getCurrentTick__E)

.const:ti_sysbios_rom_ROM_ti_sysbios_family_arm_cc26xx_Timer_getMaxTicks__E 
*          0    0000130c    00000004     
                  0000130c    00000004     app_ble_pem3.oem3 (.const:ti_sysbios_rom_ROM_ti_sysbios_family_arm_cc26xx_Timer_getMaxTicks__E)

.const:ti_sysbios_rom_ROM_ti_sysbios_family_arm_cc26xx_Timer_initDevice__I 
*          0    00001310    00000004     
                  00001310    00000004     app_ble_pem3.oem3 (.const:ti_sysbios_rom_ROM_ti_sysbios_family_arm_cc26xx_Timer_initDevice__I)

.const:ti_sysbios_rom_ROM_ti_sysbios_family_arm_cc26xx_Timer_setNextTick__E 
*          0    00001314    00000004     
                  00001314    00000004     app_ble_pem3.oem3 (.const:ti_sysbios_rom_ROM_ti_sysbios_family_arm_cc26xx_Timer_setNextTick__E)

.const:ti_sysbios_rom_ROM_ti_sysbios_family_arm_cc26xx_Timer_setThreshold__I 
*          0    00001318    00000004     
                  00001318    00000004     app_ble_pem3.oem3 (.const:ti_sysbios_rom_ROM_ti_sysbios_family_arm_cc26xx_Timer_setThreshold__I)

.const:ti_sysbios_rom_ROM_ti_sysbios_family_arm_cc26xx_Timer_start__E 
*          0    0000131c    00000004     
                  0000131c    00000004     app_ble_pem3.oem3 (.const:ti_sysbios_rom_ROM_ti_sysbios_family_arm_cc26xx_Timer_start__E)

.const:ti_sysbios_rom_ROM_ti_sysbios_family_arm_cc26xx_TimestampProvider_get32__E 
*          0    00001320    00000004     
                  00001320    00000004     app_ble_pem3.oem3 (.const:ti_sysbios_rom_ROM_ti_sysbios_family_arm_cc26xx_TimestampProvider_get32__E)

.const:ti_sysbios_rom_ROM_xdc_runtime_Startup_getState__I 
*          0    00001324    00000004     
                  00001324    00000004     app_ble_pem3.oem3 (.const:ti_sysbios_rom_ROM_xdc_runtime_Startup_getState__I)

.const:ti_sysbios_rom_ROM_xdc_runtime_System_SupportProxy_abort__E 
*          0    00001328    00000004     
                  00001328    00000004     app_ble_pem3.oem3 (.const:ti_sysbios_rom_ROM_xdc_runtime_System_SupportProxy_abort__E)

.const:ti_sysbios_rom_ROM_xdc_runtime_System_SupportProxy_exit__E 
*          0    0000132c    00000004     
                  0000132c    00000004     app_ble_pem3.oem3 (.const:ti_sysbios_rom_ROM_xdc_runtime_System_SupportProxy_exit__E)

.text.2    0    00001330    0001233c     
                  00001330    000007bc     cc2640_ll_pxxx.a : ble.o (.text)
                  00001aec    00000588     peripheral.obj (.text:gapRole_taskFxn$13)
                  00002074    00000538     cc2640_ll_pxxx.a : ll_adv_end_causes.o (.text)
                  000025ac    000004dc                      : ll_slave_end_causes.o (.text)
                  00002a88    00000424                      : ll_slave_end_causes.o (.text)
                  00002eac    00000334     spp_ble_server.obj (.text:SPPBLEServer_taskFxn$1)
                  000031e0    00000318     rf_singleMode_cc26x0r2.aem3 : RFCC26XX_singleMode.oem3 (.text:fsmActiveState)
                  000034f8    00000314     drivers_cc26x0r2.aem3 : PowerCC26XX_calibrateRCOSC.oem3 (.text:PowerCC26XX_auxISR)
                  0000380c    00000310     cc2640_ll_pxxx.a : ll.o (.text)
                  00003b1c    000002d8                      : ll_scheduler.o (.text)
                  00003df4    000002bc     ble5_spp_ble_server_cc2640r2lp_stack_library.lib : icall_startup.obj (.text:startup_entry)
                  000040b0    000002a8                                                      : gapbondmgr.obj (.text:GAPBondMgr_ProcessGAPMsg)
                  00004358    0000029c                                                      : gapbondmgr.obj (.text:GAPBondMgr_SetParameter)
                  000045f4    00000298     spp_ble_server.obj (.text:SPPBLEServer_init$1)
                  0000488c    00000294     peripheral.obj (.text:GAPRole_SetParameter)
                  00004b20    0000028c     ble5_spp_ble_server_cc2640r2lp_stack_library.lib : gapbondmgr.obj (.text:GAPBondMgr_ProcessEvent)
                  00004dac    00000288     cc2640_ll_pxxx.a : ll_isr.o (.text)
                  00005034    0000024c     drivers_cc26x0r2.aem3 : CryptoCC26XX.oem3 (.text:cryptoTransactionExecute)
                  00005280    00000244     cc26xx_profiles_pxxx.a : gapgattserver.o (.text)
                  000054c4    00000234     cc2640_ll_pxxx.a : ll_isr.o (.text)
                  000056f8    0000021c     drivers_cc26x0r2.aem3 : PowerCC26XX.oem3 (.text:Power_sleep)
                  00005914    00000218     cc2640_ll_pxxx.a : ll_common.o (.text)
                  00005b2c    00000218                      : ll_slave_end_causes.o (.text)
                  00005d44    00000210     driverlib.lib : sys_ctrl.obj (.text:NOROM_SysCtrlSetRechargeBeforePowerDown)
                  00005f54    00000204     cc26xx_sm_pxxx.a : sm_pairing.o (.text)
                  00006158    000001f8     cc2640_ll_pxxx.a : ll_common.o (.text)
                  00006350    000001f8     cc26xx_profiles_pxxx.a : gattservapp.o (.text)
                  00006548    000001f4     rtsv7M3_T_le_eabi.lib : ull_div_t2.obj (.text)
                  0000673c    000001f0     cc2640_ll_pxxx.a : ll_common.o (.text)
                  0000692c    000001e8                      : ll_common.o (.text)
                  00006b14    000001d0                      : ll.o (.text)
                  00006ce4    000001d0     ble5_spp_ble_server_cc2640r2lp_stack_library.lib : gapbondmgr.obj (.text:gapBondMgrAddBond$35)
                  00006eb4    000001cc     rf_singleMode_cc26x0r2.aem3 : RFCC26XX_singleMode.oem3 (.text:fsmSetupState)
                  00007080    000001c0     ble5_spp_ble_server_cc2640r2lp_stack_library.lib : osal.obj (.text:osal_start_system)
                  00007240    000001b4     drivers_cc26x0r2.aem3 : PINCC26XX.oem3 (.text:PIN_init)
                  000073f4    000001b4     cc2640_ll_pxxx.a : ll_isr.o (.text)
                  000075a8    000001ac                      : ll.o (.text)
                  00007754    000001a8     rf_singleMode_cc26x0r2.aem3 : RFCC26XX_singleMode.oem3 (.text:RF_postCmd)
                  000078fc    000001a4     cc2640_ll_pxxx.a : ll.o (.text)
                  00007aa0    00000198     drivers_cc26x0r2.aem3 : PowerCC26XX_calibrateRCOSC.oem3 (.text:PowerCC26XX_doCalibrate)
                  00007c38    00000198     icall.obj (.text:icall_directAPI)
                  00007dd0    00000194     ble5_spp_ble_server_cc2640r2lp_stack_library.lib : gapbondmgr.obj (.text:gapBondMgrAuthenticate$35)
                  00007f64    00000190     ECCROMCC26XX.obj (.text:ECCROMCC26XX_genDHKey)
                  000080f4    00000190     drivers_cc26x0r2.aem3 : UARTCC26XX.oem3 (.text:UARTCC26XX_open)
                  00008284    0000017c     rf_singleMode_cc26x0r2.aem3 : RFCC26XX_singleMode.oem3 (.text:abortCmd)
                  00008400    0000014c     spp_ble_server.obj (.text:SPPBLEServer_processStateChangeEvt$1)
                  0000854c    0000014c     cc26xx_gap_pxxx.a : gap_linkmgr.o (.text)
                  00008698    00000144     cc2640_ll_pxxx.a : ll_common.o (.text)
                  000087dc    00000138                      : ll.o (.text)
                  00008914    00000134     drivers_cc26x0r2.aem3 : PowerCC26XX.oem3 (.text:Power_init)
                  00008a48    00000130     cc2640_ll_pxxx.a : ll.o (.text)
                  00008b78    00000130     ble5_spp_ble_server_cc2640r2lp_stack_library.lib : gapbondmgr.obj (.text:gapBondMgrEraseBonding$35)
                  00008ca8    0000012c     serial_port_service.obj (.text:SerialPortService_WriteAttrCB$14)
                  00008dd4    00000128     ECCROMCC26XX.obj (.text:ECCROMCC26XX_genKeys)
                  00008efc    00000128     cc2640_ll_pxxx.a : ll_scheduler.o (.text)
                  00009024    00000124     peripheral.obj (.text:GAPRole_GetParameter)
                  00009148    00000124     cc26xx_sm_pxxx.a : sm_task.o (.text)
                  0000926c    0000011c     ble5_spp_ble_server_cc2640r2lp_stack_library.lib : osal_snv_wrapper.obj (.text:compactPage$32)
                  00009388    0000011c     main.obj (.text:main)
                  000094a4    00000118     drivers_cc26x0r2.aem3 : UARTCC26XX.oem3 (.text:UARTCC26XX_read)
                  000095bc    00000114     sdi_task.obj (.text:SDITask_process$16)
                  000096d0    00000110     rf_singleMode_cc26x0r2.aem3 : RFCC26XX_singleMode.oem3 (.text:fsmPowerUpState)
                  000097e0    00000110                                 : RFCC26XX_singleMode.oem3 (.text:rf_init)
                  000098f0    0000010c     cc2640_ll_pxxx.a : ll_adv_end_causes.o (.text)
                  000099fc    0000010c     rf_singleMode_cc26x0r2.aem3 : RFCC26XX_singleMode.oem3 (.text:hwiFxnCpe0Active)
                  00009b08    0000010a     drivers_cc26x0r2.aem3 : UARTCC26XX.oem3 (.text:UARTCC26XX_hwiIntFxn)
                  00009c12    00000002     ble_user_config.obj (.text:DefaultAssertCback)
                  00009c14    00000100     ble5_spp_ble_server_cc2640r2lp_stack_library.lib : gapbondmgr.obj (.text:GAPBondMgr_LinkEst)
                  00009d14    000000fc     drivers_cc26x0r2.aem3 : UARTCC26XX.oem3 (.text:UARTCC26XX_write)
                  00009e10    000000f8                           : CryptoCC26XX.oem3 (.text:CryptoCC26XX_open)
                  00009f08    000000f8     cc2640_ll_pxxx.a : ll_common.o (.text)
                  0000a000    000000f8     ble5_spp_ble_server_cc2640r2lp_stack_library.lib : osal_snv_wrapper.obj (.text:osal_snv_write)
                  0000a0f8    000000f8     rf_singleMode_cc26x0r2.aem3 : RFCC26XX_singleMode.oem3 (.text:radioOpDoneCb)
                  0000a1f0    000000ec     sdi_task.obj (.text:SDITask_inititializeTask$16)
                  0000a2dc    000000ec     cc26xx_gap_pxxx.a : gap_linkmgr.o (.text)
                  0000a3c8    000000ec     ble5_spp_ble_server_cc2640r2lp_stack_library.lib : osal_timers.obj (.text:osalTimerUpdate)
                  0000a4b4    000000e0     cc2640_hci_pxxx.a : hci_event.o (.text)
                  0000a594    000000dc     drivers_cc26x0r2.aem3 : PINCC26XX.oem3 (.text:PINCC26XX_setIoCfg)
                  0000a670    000000d4     dpl_cc26x0r2.aem3 : PowerCC26XX_tirtos.oem3 (.text:PowerCC26XX_standbyPolicy)
                  0000a744    000000d4     cc2640_ll_pxxx.a : ll_scheduler.o (.text)
                  0000a818    000000d0                      : ll_common.o (.text)
                  0000a8e8    000000ce     cc26xx_sm_pxxx.a : sm_pairing.o (.text)
                  0000a9b6    00000002     driverlib.lib : rfc.obj (.text:NOROM_RFCAdi3VcoLdoVoltageMode)
                  0000a9b8    000000cc     cc2640_ll_pxxx.a : ll.o (.text)
                  0000aa84    000000c6                      : ll.o (.text)
                  0000ab4a    00000002     driverlib.lib : rfc.obj (.text:NOROM_RFCRTrim)
                  0000ab4c    000000c4     rf_singleMode_cc26x0r2.aem3 : RFCC26XX_singleMode.oem3 (.text:RF_open)
                  0000ac10    000000c0     ble5_spp_ble_server_cc2640r2lp_stack_library.lib : osal.obj (.text:osal_set_event)
                  0000acd0    000000bc     drivers_cc26x0r2.aem3 : PowerCC26XX.oem3 (.text:Power_releaseDependency)
                  0000ad8c    000000bc     cc2640_hci_pxxx.a : hci_event.o (.text)
                  0000ae48    000000bc     cc2640_ll_pxxx.a : ll_common.o (.text)
                  0000af04    000000b8     driverlib.lib : setup.obj (.text:NOROM_SetupTrimDevice)
                  0000afbc    000000b4     drivers_cc26x0r2.aem3 : PowerCC26XX.oem3 (.text:Power_setDependency)
                  0000b070    000000b4     cc2640_ll_pxxx.a : ll_adv_end_causes.o (.text)
                  0000b124    000000b4                      : ll_common.o (.text)
                  0000b1d8    000000b0     TRNGCC26XX.obj (.text:TRNGCC26XX_getNumber)
                  0000b288    000000b0     drivers_cc26x0r2.aem3 : UARTCC26XX.oem3 (.text:UARTCC26XX_initHw)
                  0000b338    000000b0     cc2640_hci_pxxx.a : hci_event.o (.text)
                  0000b3e8    000000b0     cc26xx_gap_pxxx.a : gap_linkmgr.o (.text)
                  0000b498    000000b0     devinfoservice.obj (.text:devInfo_ReadAttrCB$10)
                  0000b548    000000ac     cc2640_ll_pxxx.a : ll.o (.text)
                  0000b5f4    000000a8     serial_port_service.obj (.text:SerialPortService_ReadAttrCB$14)
                  0000b69c    000000a4     ble5_spp_ble_server_cc2640r2lp_stack_library.lib : gapbondmgr.obj (.text:GAPBondMgr_ResolveAddr)
                  0000b740    000000a4     cc2640_ll_pxxx.a : ble.o (.text)
                  0000b7e4    000000a4     ble5_spp_ble_server_cc2640r2lp_stack_library.lib : osal.obj (.text:osal_msg_enqueue_push$27)
                  0000b888    000000a2     cc2640_ll_pxxx.a : ll_common.o (.text)
                  0000b92a    000000a2                      : ll_common.o (.text)
                  0000b9cc    000000a0     sdi_tl_uart.obj (.text:SDITLUART_readCallBack$18)
                  0000ba6c    000000a0     serial_port_service.obj (.text:SerialPortService_SetParameter)
                  0000bb0c    000000a0     auto_init.aem3 : auto_init.oem3 (.text)
                  0000bbac    000000a0     cc2640_hci_pxxx.a : hci_event.o (.text)
                  0000bc4c    000000a0     ble5_spp_ble_server_cc2640r2lp_stack_library.lib : gapbondmgr.obj (.text:gapBondMgr_gapIdle$35)
                  0000bcec    0000009e                                                      : gapbondmgr.obj (.text:gapBondMgrUpdateCharCfg$35)
                  0000bd8a    00000002                                                      : onboard.obj (.text:Onboard_soft_reset)
                  0000bd8c    0000009c                                                      : osal_cbtimer.obj (.text:cbTimerSetup$29)
                  0000be28    0000009c     cc2640_ll_pxxx.a : ll.o (.text)
                  0000bec4    0000009c     rtsv7M3_T_le_eabi.lib : memcpy_t2.obj (.text)
                  0000bf60    00000098     drivers_cc26x0r2.aem3 : PINCC26XX.oem3 (.text:PIN_open)
                  0000bff8    00000098                           : UARTCC26XX.oem3 (.text:UARTCC26XX_initIO)
                  0000c090    00000098     cc2640_ll_pxxx.a : ll.o (.text)
                  0000c128    00000098     rom_sysbios.aem3 : rom_sysbios.obj (.text:ti_sysbios_knl_Clock_workFuncDynamic__E)
                  0000c1c0    00000094     icall.obj (.text:ICall_setTimer)
                  0000c254    00000094     cc2640_ll_pxxx.a : ll_enc.o (.text)
                  0000c2e8    00000094     cc26xx_sm_pxxx.a : sm_pairing.o (.text)
                  0000c37c    00000094     ble5_spp_ble_server_cc2640r2lp_stack_library.lib : osal.obj (.text:osal_msg_receive)
                  0000c410    00000094                                                      : osal_timers.obj (.text:osal_timer_refTimeUpdate)
                  0000c4a4    00000094     drivers_cc26x0r2.aem3 : UARTCC26XX.oem3 (.text:writeFinishedDoCallback)
                  0000c538    00000092     cc2640_ll_pxxx.a : ll_common.o (.text)
                  0000c5ca    00000002     ble5_spp_ble_server_cc2640r2lp_stack_library.lib : sm_ecc.obj (.text:SM_dhKeyCB)
                  0000c5cc    00000090     driverlib.lib : crypto.obj (.text:NOROM_CRYPTOAesLoadKey)
                  0000c65c    00000090                   : setup.obj (.text:TrimAfterColdResetWakeupFromShutDown$22)
                  0000c6ec    00000090     cc26xx_hci_tl_none.a : hci_tl.o (.text)
                  0000c77c    00000090     ble5_spp_ble_server_cc2640r2lp_stack_library.lib : osal_cbtimer.obj (.text:osal_CbTimerProcessEvent)
                  0000c80c    0000008c     sdi_tl.obj (.text:SDITL_writeTL)
                  0000c898    0000008c     drivers_cc26x0r2.aem3 : UARTCC26XX.oem3 (.text:UARTCC26XX_close)
                  0000c924    0000008c                           : UARTCC26XX.oem3 (.text:UARTCC26XX_writeCancel)
                  0000c9b0    0000008c     cc2640_ll_pxxx.a : ll_enc.o (.text)
                  0000ca3c    0000008c     drivers_cc26x0r2.aem3 : PowerCC26XX.oem3 (.text:disableLFClockQualifiers)
                  0000cac8    00000088     cc2640_hci_pxxx.a : hci_event.o (.text)
                  0000cb50    00000088     cc2640_ll_pxxx.a : ll.o (.text)
                  0000cbd8    00000088                      : ll_common.o (.text)
                  0000cc60    00000088                      : ll_common.o (.text)
                  0000cce8    00000088                      : ll_isr.o (.text)
                  0000cd70    00000088     cc26xx_profiles_pxxx.a : gapgattserver.o (.text)
                  0000cdf8    00000088     peripheral.obj (.text:gapRole_startConnUpdate$13)
                  0000ce80    00000088     gattservapp_util.obj (.text:gattServApp_SendNotiInd$12)
                  0000cf08    00000088     ble5_spp_ble_server_cc2640r2lp_stack_library.lib : osal_snv_wrapper.obj (.text:writeWord$32)
                  0000cf90    00000084     icall.obj (.text:ICall_heapMalloc)
                  0000d014    00000084     spp_ble_server.obj (.text:SPPBLEServer_enqueueUARTMsg)
                  0000d098    00000084     cc26xx_gatt_pxxx.a : gatt_client.o (.text)
                  0000d11c    00000084     drivers_cc26x0r2.aem3 : PowerCC26XX.oem3 (.text:switchXOSCHFclockFunc)
                  0000d1a0    00000082     cc2640_ll_pxxx.a : ll.o (.text)
                  0000d222    00000002     ble5_spp_ble_server_cc2640r2lp_stack_library.lib : sm_ecc.obj (.text:SM_p256KeyCB)
                  0000d224    00000080     rf_singleMode_cc26x0r2.aem3 : RFCC26XX_singleMode.oem3 (.text:RF_pendCmd)
                  0000d2a4    00000080     cc2640_ll_pxxx.a : ll.o (.text)
                  0000d324    0000007c     board_key.obj (.text:Board_initKeys)
                  0000d3a0    0000007c     cc2640_ll_pxxx.a : ll_common.o (.text)
                  0000d41c    0000007c     cc26xx_gap_pxxx.a : gap_linkmgr.o (.text)
                  0000d498    0000007c     cc26xx_gatt_pxxx.a : gatt_client.o (.text)
                  0000d514    0000007c     ble5_spp_ble_server_cc2640r2lp_stack_library.lib : osal.obj (.text:osal_event_send$27)
                  0000d590    0000007c     rf_singleMode_cc26x0r2.aem3 : RFCC26XX_singleMode.oem3 (.text:swiFxnHw)
                  0000d60c    0000007a     drivers_cc26x0r2.aem3 : CryptoCC26XX.oem3 (.text:CryptoCC26XX_allocateKey)
                  0000d686    0000007a     rtsv7M3_T_le_eabi.lib : memset_t2.obj (.text)
                  0000d700    00000078     cc2640_ll_pxxx.a : ll_common.o (.text)
                  0000d778    00000078                      : ll_enc.o (.text)
                  0000d7f0    00000078                      : ll_scheduler.o (.text)
                  0000d868    00000078     cc26xx_profiles_pxxx.a : gattservapp.o (.text)
                  0000d8e0    00000078     drivers_cc26x0r2.aem3 : UARTCC26XX.oem3 (.text:writeTxFifoFlush)
                  0000d958    00000076     cc2640_ll_pxxx.a : ll_common.o (.text)
                  0000d9ce    00000002     rf_singleMode_cc26x0r2.aem3 : RFCC26XX_singleMode.oem3 (.text:defaultErrCb)
                  0000d9d0    00000074     sdi_task.obj (.text:SDITask_transportRXCallBack$16)
                  0000da44    00000074     cc2640_ll_pxxx.a : ll_common.o (.text)
                  0000dab8    00000074                      : ll_common.o (.text)
                  0000db2c    00000074                      : ll_common.o (.text)
                  0000dba0    00000074     ble5_spp_ble_server_cc2640r2lp_stack_library.lib : gapbondmgr.obj (.text:gapBondMgrBondReq$35)
                  0000dc14    00000074     rom_sysbios.aem3 : rom_sysbios.obj (.text:ti_sysbios_family_arm_cc26xx_Timer_start__E)
                  0000dc88    00000070     ble5_spp_ble_server_cc2640r2lp_stack_library.lib : ble_dispatch_lite.obj (.text:ble_dispatch_liteProcess)
                  0000dcf8    0000006c     icall.obj (.text:ICall_createRemoteTasks)
                  0000dd64    0000006c     driverlib.lib : osc.obj (.text:NOROM_OSCHF_AttemptToSwitchToXosc)
                  0000ddd0    0000006c     drivers_cc26x0r2.aem3 : PowerCC26XX.oem3 (.text:PowerCC26XX_calibrate)
                  0000de3c    0000006c                           : PowerCC26XX_calibrateRCOSC.oem3 (.text:PowerCC26XX_initiateCalibration)
                  0000dea8    0000006c     cc2640_ll_pxxx.a : ble.o (.text)
                  0000df14    0000006c                      : ll.o (.text)
                  0000df80    0000006c                      : ll.o (.text)
                  0000dfec    0000006c                      : ll_common.o (.text)
                  0000e058    00000068     sdi_task.obj (.text:SDITask_sendToUART)
                  0000e0c0    00000068     drivers_cc26x0r2.aem3 : UARTCC26XX.oem3 (.text:UARTCC26XX_readCancel)
                  0000e128    00000068     cc2640_ll_pxxx.a : ll.o (.text)
                  0000e190    00000068                      : ll.o (.text)
                  0000e1f8    00000068                      : ll.o (.text)
                  0000e260    00000068                      : ll_common.o (.text)
                  0000e2c8    00000068                      : ll_privacy.o (.text)
                  0000e330    00000068                      : ll_privacy.o (.text)
                  0000e398    00000068                      : ll_scheduler.o (.text)
                  0000e400    00000068     drivers_cc26x0r2.aem3 : PowerCC26XX.oem3 (.text:configureXOSCHF)
                  0000e468    00000068     rf_singleMode_cc26x0r2.aem3 : RFCC26XX_singleMode.oem3 (.text:decActiveClientCnt)
                  0000e4d0    00000068     rtsv7M3_T_le_eabi.lib : copy_decompress_lzss.obj (.text:decompress:lzss)
                  0000e538    00000068     ble5_spp_ble_server_cc2640r2lp_stack_library.lib : osal_cbtimer.obj (.text:osal_CbTimerUpdate)
                  0000e5a0    00000066     cc2640_ll_pxxx.a : ll_common.o (.text)
                  0000e606    00000066                      : ll_common.o (.text)
                  0000e66c    00000066                      : ll_common.o (.text)
                  0000e6d2    00000066                      : ll_privacy.o (.text)
                  0000e738    00000064     icall.obj (.text:ICall_send)
                  0000e79c    00000064     icall.obj (.text:ICall_sendServiceComplete)
                  0000e800    00000064     driverlib.lib : sys_ctrl.obj (.text:NOROM_SysCtrlAdjustRechargeAfterPowerDown)
                  0000e864    00000064     cc26xx_profiles_pxxx.a : gattservapp.o (.text)
                  0000e8c8    00000064     rf_singleMode_cc26x0r2.aem3 : RFCC26XX_singleMode.oem3 (.text:fsmXOSCState)
                  0000e92c    00000062     cc2640_ll_pxxx.a : ll_common.o (.text)
                  0000e98e    00000062                      : ll_common.o (.text)
                  0000e9f0    00000062                      : ll_privacy.o (.text)
                  0000ea52    00000002     drivers_cc26x0r2.aem3 : PowerCC26XX.oem3 (.text:emptyClockFunc)
                  0000ea54    00000060     icall.obj (.text:ICall_enrollService)
                  0000eab4    00000060     rf_singleMode_cc26x0r2.aem3 : RFCC26XX_singleMode.oem3 (.text:RF_getCurrentTime)
                  0000eb14    00000060     cc2640_ll_pxxx.a : ll_common.o (.text)
                  0000eb74    0000005e     icall.obj (.text:ICall_fetchMsg)
                  0000ebd2    0000005e     cc2640_ll_pxxx.a : ll_common.o (.text)
                  0000ec30    0000005c     icall.obj (.text:ICall_pwrUpdActivityCounter)
                  0000ec8c    0000005c     drivers_cc26x0r2.aem3 : PowerCC26XX_calibrateRCOSC.oem3 (.text:PowerCC26XX_RCOSC_clockFunc)
                  0000ece8    0000005c     cc2640_ll_pxxx.a : ll_common.o (.text)
                  0000ed44    0000005c                      : ll_common.o (.text)
                  0000eda0    0000005c     cc26xx_profiles_pxxx.a : gattservapp.o (.text)
                  0000edfc    0000005c     app_ble_pem3.oem3 (.text:xdc_runtime_Startup_getState__I)
                  0000ee58    0000005a     main.obj (.text:AssertHandler)
                  0000eeb2    00000058     icall.obj (.text:ICall_wait)
                  0000ef0a    00000002     ble5_spp_ble_server_cc2640r2lp_stack_library.lib : hal_assert.obj (.text:halAssertHandler)
                  0000ef0c    00000058     drivers_cc26x0r2.aem3 : PINCC26XX.oem3 (.text:PIN_remove)
                  0000ef64    00000058                           : UARTCC26XX.oem3 (.text:UARTCC26XX_control)
                  0000efbc    00000058     cc2640_ll_pxxx.a : ll.o (.text)
                  0000f014    00000058                      : ll_common.o (.text)
                  0000f06c    00000058                      : ll_enc.o (.text)
                  0000f0c4    00000058     cc26xx_gap_pxxx.a : linkdb.o (.text)
                  0000f11c    00000058     ble5_spp_ble_server_cc2640r2lp_stack_library.lib : osal_snv_wrapper.obj (.text:findItem$32)
                  0000f174    00000058                                                      : gapbondmgr.obj (.text:gapBondMgrChangeState$35)
                  0000f1cc    00000058                                                      : gapbondmgr.obj (.text:gapBondMgrReadBonds$35)
                  0000f224    00000058                                                      : osal_cbtimer.obj (.text:osal_CbTimerStop)
                  0000f27c    00000056     cc2640_ll_pxxx.a : ll_common.o (.text)
                  0000f2d2    00000002     ble5_spp_ble_server_cc2640r2lp_stack_library.lib : hal_assert.obj (.text:halAssertSpinlock)
                  0000f2d4    00000054                                                      : gapbondmgr.obj (.text:GAPBondMgr_LinkTerm)
                  0000f328    00000054     cc2640_hci_pxxx.a : hci_event.o (.text)
                  0000f37c    00000054     cc2640_ll_pxxx.a : ll.o (.text)
                  0000f3d0    00000054                      : ll.o (.text)
                  0000f424    00000054                      : ll_common.o (.text)
                  0000f478    00000054     rf_singleMode_cc26x0r2.aem3 : RFCC26XX_singleMode.oem3 (.text:hwiFxnHw)
                  0000f4cc    00000054                                 : RFCC26XX_singleMode.oem3 (.text:ratChanFree)
                  0000f520    00000054     rtsv7M3_T_le_eabi.lib : exit.obj (.text)
                  0000f574    00000052     cc2640_ll_pxxx.a : ll.o (.text)
                  0000f5c6    00000052                      : ll_common.o (.text)
                  0000f618    00000050     ECCROMCC26XX.obj (.text:ECCROMCC26XX_Params_init)
                  0000f668    00000050     icall.obj (.text:ICall_registerApp)
                  0000f6b8    00000050     ble5_spp_ble_server_cc2640r2lp_stack_library.lib : npi.obj (.text:NPI_WriteTransport)
                  0000f708    00000050     rf_singleMode_cc26x0r2.aem3 : RFCC26XX_singleMode.oem3 (.text:RF_getInfo)
                  0000f758    00000050     cc2640_ll_pxxx.a : ll.o (.text)
                  0000f7a8    00000050                      : ll.o (.text)
                  0000f7f8    00000050                      : ll_common.o (.text)
                  0000f848    00000050                      : ll_common.o (.text)
                  0000f898    00000050     cc26xx_profiles_pxxx.a : gattservapp.o (.text)
                  0000f8e8    00000050     ble5_spp_ble_server_cc2640r2lp_stack_library.lib : gapbondmgr.obj (.text:gapBondMgrSetStateFlagFromConnhandle$35)
                  0000f938    00000050     drivers_cc26x0r2.aem3 : UARTCC26XX.oem3 (.text:startTxFifoEmptyClk)
                  0000f988    0000004e     cc2640_ll_pxxx.a : ll.o (.text)
                  0000f9d6    0000004e                      : ll_common.o (.text)
                  0000fa24    0000004e                      : ll_privacy.o (.text)
                  0000fa72    00000002     icall_api_lite.obj (.text:rfErrCb)
                  0000fa74    0000004c     icall.obj (.text:ICall_newTask$5)
                  0000fac0    0000004c     rf_singleMode_cc26x0r2.aem3 : RFCC26XX_singleMode.oem3 (.text:RF_wakeupNotifyFxn)
                  0000fb0c    0000004c     sdi_task.obj (.text:SDITask_createTask)
                  0000fb58    0000004c     cc26xx_gap_pxxx.a : gap_perilinkmgr.o (.text)
                  0000fba4    0000004c     ble5_spp_ble_server_cc2640r2lp_stack_library.lib : gapbondmgr.obj (.text:gapBondMgrUpdateLruBondList$35)
                  0000fbf0    0000004c                                                      : gapbondmgr.obj (.text:gapBondStateDoGATTDisc$35)
                  0000fc3c    0000004c                                                      : osal_bufmgr.obj (.text:osal_bm_free)
                  0000fc88    0000004c     rtsv7M3_T_le_eabi.lib : cpy_tbl.obj (.text)
                  0000fcd4    0000004c     rf_singleMode_cc26x0r2.aem3 : RFCC26XX_singleMode.oem3 (.text:syncCb)
                  0000fd20    0000004a     cc26xx_sm_pxxx.a : sm_mgr.o (.text)
                  0000fd6a    00000002     app_ble_pem3.oem3 (.text:ti_sysbios_BIOS_nullFunc__I)
                  0000fd6c    00000048     ECCROMCC26XX.obj (.text:ECC_initGlobals$3)
                  0000fdb4    00000048     ble5_spp_ble_server_cc2640r2lp_stack_library.lib : gapbondmgr.obj (.text:GAPBondMgr_ReadGattChar)
                  0000fdfc    00000048     peripheral.obj (.text:GAPRole_StartDevice)
                  0000fe44    00000048     drivers_cc26x0r2.aem3 : PINCC26XX.oem3 (.text:PIN_setOutputEnable)
                  0000fe8c    00000048     sdi_tl_uart.obj (.text:SDITLUART_writeCallBack$18)
                  0000fed4    00000048     spp_ble_server.obj (.text:SPPBLEServer_enqueueMsg$1)
                  0000ff1c    00000048     util.obj (.text:Util_constructClock)
                  0000ff64    00000048     cc2640_ll_pxxx.a : ll.o (.text)
                  0000ffac    00000048                      : ll.o (.text)
                  0000fff4    00000048     cc26xx_profiles_pxxx.a : gattservapp.o (.text)
                  0001003c    00000048     spp_ble_server.obj (.text:convInt32ToText)
                  00010084    00000048     ble5_spp_ble_server_cc2640r2lp_stack_library.lib : osal_timers.obj (.text:osalAddTimer)
                  000100cc    00000044     driverlib.lib : osc.obj (.text:NOROM_OSCHF_SwitchToRcOscTurnOffXosc)
                  00010110    00000044     drivers_cc26x0r2.aem3 : PINCC26XX.oem3 (.text:PIN_swi)
                  00010154    00000044                           : RingBuf.oem3 (.text:RingBuf_put)
                  00010198    00000044     serial_port_service.obj (.text:SerialPortService_AddService)
                  000101dc    00000044     boot.aem3 : boot.oem3 (.text)
                  00010220    00000044     cc2640_ll_pxxx.a : ll.o (.text)
                  00010264    00000044                      : ll_scheduler.o (.text)
                  000102a8    00000044     drivers_cc26x0r2.aem3 : PowerCC26XX.oem3 (.text:notify)
                  000102ec    00000044     ble5_spp_ble_server_cc2640r2lp_stack_library.lib : osal_timers.obj (.text:osal_start_timerEx)
                  00010330    00000042                                                      : gapbondmgr.obj (.text:GAPBondMgr_UpdateCharCfg)
                  00010372    00000042                                                      : gap.obj (.text:GAP_DeviceInit)
                  000103b4    00000042     cc2640_ll_pxxx.a : ble.o (.text)
                  000103f6    00000042                      : ll.o (.text)
                  00010438    00000042                      : ll.o (.text)
                  0001047a    00000002     app_ble_pem3.oem3 (.text:ti_sysbios_rom_cortexm_cc26xx_r2_CC26xx_badRomRevision__E)
                  0001047c    00000040     ECCROMCC26XX.obj (.text:ECCROMCC26XX_init)
                  000104bc    00000040     peripheral.obj (.text:GAPRole_createTask)
                  000104fc    00000040     rf_singleMode_cc26x0r2.aem3 : RFCC26XX_singleMode.oem3 (.text:RF_getRssi)
                  0001053c    00000040     spp_ble_server.obj (.text:SPPBLEServer_blinkLed)
                  0001057c    00000040     drivers_cc26x0r2.aem3 : UART.oem3 (.text:UART_init)
                  000105bc    00000040                           : UART.oem3 (.text:UART_open)
                  000105fc    00000040     cc2640_ll_pxxx.a : ll.o (.text)
                  0001063c    00000040                      : ll.o (.text)
                  0001067c    00000040                      : ll_common.o (.text)
                  000106bc    00000040                      : ll_common.o (.text)
                  000106fc    00000040                      : ll_common.o (.text)
                  0001073c    00000040                      : ll_isr.o (.text)
                  0001077c    00000040     cc26xx_profiles_pxxx.a : gattservapp.o (.text)
                  000107bc    00000040     ble5_spp_ble_server_cc2640r2lp_stack_library.lib : osal_snv_wrapper.obj (.text:erasePage$32)
                  000107fc    0000003e     drivers_cc26x0r2.aem3 : RingBuf.oem3 (.text:RingBuf_get)
                  0001083a    0000003e     cc2640_ll_pxxx.a : ll_common.o (.text)
                  00010878    0000003e     cc26xx_gatt_pxxx.a : gatt_client.o (.text)
                  000108b6    00000002     rom_sysbios.aem3 : rom_sysbios.obj (.text:xdc_runtime_SysCallback_defaultAbort)
                  000108b8    0000003c     driverlib.lib : osc.obj (.text:NOROM_OSC_HPOSCRelativeFrequencyOffsetGet)
                  000108f4    0000003c                   : rfc.obj (.text:NOROM_RFCSynthPowerDown)
                  00010930    0000003c     drivers_cc26x0r2.aem3 : PowerCC26XX.oem3 (.text:PowerCC26XX_isStableXOSC_HF)
                  0001096c    0000003c                           : PowerCC26XX.oem3 (.text:PowerCC26XX_switchXOSC_HF)
                  000109a8    0000003c     rf_singleMode_cc26x0r2.aem3 : RFCC26XX_singleMode.oem3 (.text:RF_runCmd)
                  000109e4    0000003c     sdi_tl.obj (.text:SDITL_transmissionCallBack$17)
                  00010a20    0000003c     spp_ble_server.obj (.text:SPPBLEServer_createTask)
                  00010a5c    0000003c     cc2640_ll_pxxx.a : ll_common.o (.text)
                  00010a98    0000003c                      : ll_common.o (.text)
                  00010ad4    0000003c                      : ll_scheduler.o (.text)
                  00010b10    0000003c     cc26xx_profiles_pxxx.a : gattservapp.o (.text)
                  00010b4c    0000003c                            : gattservapp.o (.text)
                  00010b88    0000003c                            : gattservapp.o (.text)
                  00010bc4    0000003c     ble5_spp_ble_server_cc2640r2lp_stack_library.lib : osal_bufmgr.obj (.text:osal_bm_alloc)
                  00010c00    0000003c                                                      : osal_timers.obj (.text:osal_start_reload_timer)
                  00010c3c    0000003c     rf_singleMode_cc26x0r2.aem3 : RFCC26XX_singleMode.oem3 (.text:postDirImmCmd)
                  00010c78    0000003a     cc2640_ll_pxxx.a : ll_common.o (.text)
                  00010cb2    0000003a     cc26xx_gatt_pxxx.a : gatt_client.o (.text)
                  00010cec    00000038     board_key.obj (.text:Board_keyCallback$0)
                  00010d24    00000038     drivers_cc26x0r2.aem3 : PINCC26XX.oem3 (.text:PIN_setOutputValue)
                  00010d5c    00000038                           : UARTCC26XX.oem3 (.text:UARTCC26XX_swiIntFxn)
                  00010d94    00000038     util.obj (.text:Util_restartClock)
                  00010dcc    00000038     cc2640_ll_pxxx.a : ble.o (.text)
                  00010e04    00000038                      : ll.o (.text)
                  00010e3c    00000038                      : ll_common.o (.text)
                  00010e74    00000038                      : ll_common.o (.text)
                  00010eac    00000038                      : ll_common.o (.text)
                  00010ee4    00000038                      : ll_common.o (.text)
                  00010f1c    00000038                      : ll_privacy.o (.text)
                  00010f54    00000038                      : ll_scheduler.o (.text)
                  00010f8c    00000038                      : ll_scheduler.o (.text)
                  00010fc4    00000038     cc26xx_l2cap_pxxx.a : l2cap_util.o (.text)
                  00010ffc    00000038     cc26xx_sm_pxxx.a : sm_mgr.o (.text)
                  00011034    00000038     ble5_spp_ble_server_cc2640r2lp_stack_library.lib : osal_snv_wrapper.obj (.text:disableCache$32)
                  0001106c    00000038     rf_singleMode_cc26x0r2.aem3 : RFCC26XX_singleMode.oem3 (.text:dispatchOpWhen)
                  000110a4    00000038     ble5_spp_ble_server_cc2640r2lp_stack_library.lib : osal.obj (.text:osal_alien2proxy)
                  000110dc    00000038     rom_sysbios.aem3 : rom_sysbios.obj (.text:ti_sysbios_family_arm_cc26xx_Timer_getCurrentTick__E)
                  00011114    00000038                      : rom_sysbios.obj (.text:ti_sysbios_family_arm_cc26xx_Timer_setThreshold__I)
                  0001114c    00000036     drivers_cc26x0r2.aem3 : CryptoCC26XX.oem3 (.text:CryptoCC26XX_loadKey)
                  00011182    00000002     rom_sysbios.aem3 : rom_sysbios.obj (.text:xdc_runtime_SysCallback_defaultExit)
                  00011184    00000034     gattservapp_util.obj (.text:GATTServApp_InitCharCfg)
                  000111b8    00000034     icall.obj (.text:ICall_searchServiceEntity)
                  000111ec    00000034     drivers_cc26x0r2.aem3 : PINCC26XX.oem3 (.text:PIN_setConfig)
                  00011220    00000034                           : PowerCC26XX.oem3 (.text:Power_releaseConstraint)
                  00011254    00000034     rf_singleMode_cc26x0r2.aem3 : RFCC26XX_singleMode.oem3 (.text:Q_push)
                  00011288    00000034     sdi_tl.obj (.text:SDITL_readTL)
                  000112bc    00000034     cc2640_ll_pxxx.a : ble.o (.text)
                  000112f0    00000034                      : ll.o (.text)
                  00011324    00000034                      : ll_common.o (.text)
                  00011358    00000034                      : ll_scheduler.o (.text)
                  0001138c    00000034     cc26xx_gatt_pxxx.a : gatt_client.o (.text)
                  000113c0    00000034     cc26xx_hci_tl_none.a : hci_tl.o (.text)
                  000113f4    00000034     ble5_spp_ble_server_cc2640r2lp_stack_library.lib : osal.obj (.text:osal_clear_event)
                  00011428    00000034                                                      : osal.obj (.text:osal_msec_timer_cback$27)
                  0001145c    00000034                                                      : osal_timers.obj (.text:osal_stop_timerEx)
                  00011490    00000034     rom_sysbios.aem3 : rom_sysbios.obj (.text:ti_sysbios_family_arm_cc26xx_Timer_initDevice__I)
                  000114c4    00000032     icall.obj (.text:ICall_fetchServiceMsg)
                  000114f6    00000032     rom_sysbios.aem3 : rom_sysbios.obj (.text:ti_sysbios_family_arm_cc26xx_Timer_setNextTick__E)
                  00011528    00000030     peripheral.obj (.text:GAPRole_TerminateConnection)
                  00011558    00000030     ble5_spp_ble_server_cc2640r2lp_stack_library.lib : hal_flash_wrapper.obj (.text:HalFlashRead)
                  00011588    00000030     icall.obj (.text:ICall_dispatch$5)
                  000115b8    00000030     icall.obj (.text:ICall_msecs2Ticks$5)
                  000115e8    00000030     icall.obj (.text:ICall_primEntityId2ServiceId$5)
                  00011618    00000030     icall.obj (.text:ICall_searchTask$5)
                  00011648    00000030     drivers_cc26x0r2.aem3 : PowerCC26XX.oem3 (.text:Power_setConstraint)
                  00011678    00000030     cc2640_ll_pxxx.a : ll.o (.text)
                  000116a8    00000030                      : ll.o (.text)
                  000116d8    00000030     cc26xx_gatt_pxxx.a : gatt_client.o (.text)
                  00011708    00000030     cc26xx_profiles_pxxx.a : gattservapp.o (.text)
                  00011738    00000030     ble5_spp_ble_server_cc2640r2lp_stack_library.lib : gapbondmgr.obj (.text:gapBondMgr_SyncWhiteList$35)
                  00011768    00000030                                                      : osal_timers.obj (.text:osal_get_timeoutEx)
                  00011798    00000030     app_ble_pem3.oem3 (.text:ti_sysbios_BIOS_atExitFunc__I)
                  000117c8    00000030     app_ble_pem3.oem3 (.text:ti_sysbios_BIOS_startFunc__I)
                  000117f8    0000002e     icall_cc2650.obj (.text:ICallPlatform_pwrDispenseImpl$6)
                  00011826    0000002e     icall_cc2650.obj (.text:ICallPlatform_pwrRequireImpl$6)
                  00011854    0000002e     cc2640_ll_pxxx.a : ll.o (.text)
                  00011882    0000002e                      : ll_privacy.o (.text)
                  000118b0    0000002e                      : ll_privacy.o (.text)
                  000118de    0000002e     cc26xx_profiles_pxxx.a : gattservapp.o (.text)
                  0001190c    0000002e     ble5_spp_ble_server_cc2640r2lp_stack_library.lib : osal.obj (.text:osal_build_uint32)
                  0001193a    0000002e     drivers_cc26x0r2.aem3 : UARTCC26XX.oem3 (.text:readData)
                  00011968    0000002e                           : UARTCC26XX.oem3 (.text:writeData)
                  00011996    00000002     --HOLE-- [fill = 0]
                  00011998    0000002c     icall.obj (.text:ICall_getLocalMsgEntityId)
                  000119c4    0000002c     icall.obj (.text:ICall_heapFree)
                  000119f0    0000002c     icall.obj (.text:ICall_msgEnqueue$5)
                  00011a1c    0000002c     driverlib.lib : chipinfo.obj (.text:NOROM_ChipInfo_GetChipFamily)
                  00011a48    0000002c     drivers_cc26x0r2.aem3 : PINCC26XX.oem3 (.text:PINCC26XX_setMux)
                  00011a74    0000002c     spp_ble_server.obj (.text:SPPBLEServer_freeAttRsp$1)
                  00011aa0    0000002c     ble5_spp_ble_server_cc2640r2lp_stack_library.lib : ble_dispatch_lite.obj (.text:bleDispatch_BMAlloc)
                  00011acc    0000002c     cc2640_ll_pxxx.a : ble.o (.text)
                  00011af8    0000002c                      : ll.o (.text)
                  00011b24    0000002c     cc26xx_profiles_pxxx.a : gattservapp.o (.text)
                  00011b50    0000002c     cc26xx_sm_pxxx.a : sm_mgr.o (.text)
                  00011b7c    0000002c                      : sm_pairing.o (.text)
                  00011ba8    0000002c     ble5_spp_ble_server_cc2640r2lp_stack_library.lib : osal_snv_wrapper.obj (.text:findOffset$32)
                  00011bd4    0000002c                                                      : gapbondmgr.obj (.text:gapBondMgrFindAddr$35)
                  00011c00    0000002c     rf_singleMode_cc26x0r2.aem3 : RFCC26XX_singleMode.oem3 (.text:getCmd)
                  00011c2c    0000002c     rom_sysbios.aem3 : rom_sysbios.obj (.text:ti_sysbios_knl_Clock_getTicksUntilInterrupt__E)
                  00011c58    0000002a     cc2640_ll_pxxx.a : ll_common.o (.text)
                  00011c82    00000002     --HOLE-- [fill = 0]
                  00011c84    00000028     drivers_cc26x0r2.aem3 : CryptoCC26XX.oem3 (.text:CryptoCC26XX_init)
                  00011cac    00000028     driverlib.lib : rfc.obj (.text:NOROM_RFCDoorbellSendTo)
                  00011cd4    00000028     drivers_cc26x0r2.aem3 : PowerCC26XX.oem3 (.text:Power_registerNotify)
                  00011cfc    00000028     driverlib.lib : adi.obj (.text:SafeHapiVoid)
                  00011d24    00000028     TRNGCC26XX.obj (.text:TRNGCC26XX_init)
                  00011d4c    00000028     cc2640_ll_pxxx.a : ll.o (.text)
                  00011d74    00000028                      : ll_privacy.o (.text)
                  00011d9c    00000028     cc26xx_gatt_pxxx.a : gatt_client.o (.text)
                  00011dc4    00000028     ble5_spp_ble_server_cc2640r2lp_stack_library.lib : gapbondmgr.obj (.text:gapBondMgrBondTotal$35)
                  00011dec    00000028                                                      : osal_bufmgr.obj (.text:osal_bm_adjust_header)
                  00011e14    00000028                                                      : osal_timers.obj (.text:osal_next_timeout)
                  00011e3c    00000028                                                      : osal_snv_wrapper.obj (.text:osal_snv_compact)
                  00011e64    00000028     drivers_cc26x0r2.aem3 : UARTCC26XX.oem3 (.text:readData2RingBuf)
                  00011e8c    00000026     cc2640_ll_pxxx.a : ble.o (.text)
                  00011eb2    00000026     drivers_cc26x0r2.aem3 : CryptoCC26XX.oem3 (.text:cryptoTransactionPend)
                  00011ed8    00000026     ble5_spp_ble_server_cc2640r2lp_stack_library.lib : gapbondmgr.obj (.text:gapBondMgrGetStateFlags$35)
                  00011efe    00000002     --HOLE-- [fill = 0]
                  00011f00    00000024     drivers_cc26x0r2.aem3 : CryptoCC26XX.oem3 (.text:CryptoCC26XX_hwiIntFxn)
                  00011f24    00000024     devinfoservice.obj (.text:DevInfo_AddService)
                  00011f48    00000024     driverlib.lib : osc.obj (.text:NOROM_OSCHF_TurnOnXosc)
                  00011f6c    00000024     drivers_cc26x0r2.aem3 : PINCC26XX.oem3 (.text:PINCC26XX_getPinCount)
                  00011f90    00000024     ble5_spp_ble_server_cc2640r2lp_stack_library.lib : osal_bufmgr.obj (.text:bm_desc_from_payload$28)
                  00011fb4    00000024     cc2640_ll_pxxx.a : ll.o (.text)
                  00011fd8    00000024                      : ll.o (.text)
                  00011ffc    00000024                      : ll_slave_end_causes.o (.text)
                  00012020    00000024     cc26xx_att_pxxx.a : att_client.o (.text)
                  00012044    00000024     rf_singleMode_cc26x0r2.aem3 : RFCC26XX_singleMode.oem3 (.text:hwiFxnCpe0PowerFsm)
                  00012068    00000024     ble5_spp_ble_server_cc2640r2lp_stack_library.lib : osal.obj (.text:osal_msg_allocate)
                  0001208c    00000024                                                      : osal.obj (.text:osal_service_entry)
                  000120b0    00000024     app_ble_pem3.oem3 (.text:ti_sysbios_BIOS_registerRTSLock__I)
                  000120d4    00000024     app_ble_pem3.oem3 (.text:ti_sysbios_BIOS_removeRTSLock__I)
                  000120f8    00000024     rom_sysbios.aem3 : rom_sysbios.obj (.text:ti_sysbios_family_arm_cc26xx_Timer_getMaxTicks__E)
                  0001211c    00000022     icall.obj (.text:ICall_allocMsg)
                  0001213e    00000022     icall.obj (.text:ICall_setTimerMSecs)
                  00012160    00000022     drivers_cc26x0r2.aem3 : List.oem3 (.text:List_put)
                  00012182    00000022     driverlib.lib : uart.obj (.text:NOROM_UARTConfigSetExpClk)
                  000121a4    00000022     cc2640_ll_pxxx.a : ll_common.o (.text)
                  000121c6    00000002     --HOLE-- [fill = 0]
                  000121c8    00000020     ble5_spp_ble_server_cc2640r2lp_stack_library.lib : hal_flash_wrapper.obj (.text:HalFlashGetAddress)
                  000121e8    00000020     driverlib.lib : rfc.obj (.text:NOROM_RFCRfTrimRead)
                  00012208    00000020                   : uart.obj (.text:NOROM_UARTDisable)
                  00012228    00000020     drivers_cc26x0r2.aem3 : PowerCC26XX.oem3 (.text:Power_unregisterNotify)
                  00012248    00000020     sdi_rxbuf.obj (.text:SDIRxBuf_GetRxBufCount)
                  00012268    00000020     sdi_tl.obj (.text:SDITL_getRxBufLen)
                  00012288    00000020     sdi_task.obj (.text:SDITask_transportTxDoneCallBack$16)
                  000122a8    00000020     spp_ble_server.obj (.text:SPPBLEServer_toggleLed)
                  000122c8    00000020     cc2640_ll_pxxx.a : ll.o (.text)
                  000122e8    00000020                      : ll_common.o (.text)
[...]
20004584  smResponderCBs                                                            
2000459c  slaveConnHandle                                                           
2000459e  nextHandle                                                                
200045a0  l2capMtuSize                                                              
200045a2  gapAppTaskID                                                              
200045a3  gapAdvAppTaskID                                                           
200045a4  gapUnwantedTaskID                                                         
200045a5  reqTaskId                                                                 
200045a6  gattAppTaskID                                                             
200045a7  appTaskID                                                                 
200045a8  flowCtrlTaskId                                                            
200045a9  SM_appTaskID                                                              
200046ec  scanDataEntry                                                             
200047cc  wlTable                                                                   
200048a8  wlTableScan                                                               
20004a20  advCmd                                                                    
20004a68  localEccKeys                                                              
20004aac  initDataEntry                                                             
20004b1c  l2capFixedChannels                                                        
20004b4c  linkCBs                                                                   
20004b7c  eccParams                                                                 
20004bac  initParam                                                                 
20004bd0  scanParam                                                                 
20004bf4  advParam                                                                  
20004c14  cryptoPRAND                                                               
20004c34  txModemTestCmd                                                            
20004c50  gapParams                                                                 
20004c6c  initCmd                                                                   
20004c84  connReqData                                                               
20004c9c  scanCmd                                                                   
20004cb4  scanOutput                                                                
20004ce4  rxModemTestCmd                                                            
20004cfc  rsp                                                                       
20004d14  fwParDtmCmd                                                               
20004d44  fwParRfCmd                                                                
20004d5c  connOutput                                                                
20004d70  rxTestParam                                                               
20004d84  initDataQueue                                                             
20004d94  scanDataQueue                                                             
20004da4  advDataQueue                                                              
20004db4  advOutput                                                                 
20004dc4  txTestParam                                                               
20004dd4  initOutput                                                                
20004de0  rxTestOut                                                                 
20004df8  cachedTRNGdata                                                            
20004e04  gapCurrentRandomAddr                                                      
20004e0c  slaveUpdateReq                                                            
20004e14  pBleEvtMask                                                               
20004e1c  pHciEvtMask                                                               
20004e24  pHciEvtMask2                                                              
20004e2c  ownPublicAddr                                                             
20004e34  ownRandomAddr                                                             
20004e3c  ownSavedPublicAddr                                                        
20004e44  fwImmedCmd                                                                
20004e4c  attServerNotifyTxCB                                                       
20004e50  rfEvent                                                                   
20004e58  fwParCmd                                                                  
20004e60  verInfo                                                                   
20004e68  llConns                                                                   
20004e70  fwParamImmedCmd                                                           
20004e78  privInfo                                                                  
20004e88  rxDataQ                                                                   
20004e8c  txDataQ                                                                   
20004e90  rxRingBuf                                                                 
20004e94  txTestOut                                                                 
20004e98  pGapDiscReq                                                               
20004e9c  pGapAdvertState                                                           
20004ea0  pEstLink                                                                  
20004ea4  pAuthLink                                                                 
20004ea8  pfnCentralConnCBs                                                         
20004eac  pfnPeripheralConnCBs                                                      
20004eb0  pGapAdvTokens                                                             
20004eb4  pGapAdData                                                                
20004eb8  pGapScanRspData                                                           
20004ebc  pfnPeripheralCBs                                                          
20004ec0  pfnCentralCBs                                                             
20004ec4  pfnBondMgrCBs                                                             
20004ec8  serverInfoTbl                                                             
20004ecc  pServiceList                                                              
20004ed0  pfnServerProcessMsgCB                                                     
20004ed4  pfnClientProcessMsgCB                                                     
20004ed8  prepareWritesTbl                                                          
20004edc  serviceCBsList                                                            
20004ee0  pAttrValue                                                                
20004ee4  l2capChannels                                                             
20004ee8  linkDB                                                                    
20004eec  rfHandle                                                                  
20004ef0  rfDrvTblPtr                                                               
20004ef4  eccDrvTblPtr                                                              
20004ef8  cryptoDrvTblPtr                                                           
20004efc  trngDrvTblPtr                                                             
20004f00  activeConns                                                               
20004f04  SysBootMsg                                                                
20004f08  sclkSrc                                                                   
20004f0c  buildInfo                                                                 
20004f10  advInfo                                                                   
20004f18  initInfo                                                                  
20004f20  taskEndAction                                                             
20004f24  encParams                                                                 
20004f28  encHandle                                                                 
20004f2c  encKey                                                                    
20004f30  pPairingParams                                                            
20004f34  pfnResponderCBs                                                           
20004f38  pfnInitiatorCBs                                                           
20004f3c  gapLimitedAdvertisingTimeout                                              
20004f3e  attrLen                                                                   
20004f40  numHostBufs                                                               
20004f42  rfCmdHandle                                                               
20004f44  connInitialMaxTxOctets                                                    
20004f46  connInitialMaxTxTime                                                      
20004f48  supportedMaxTxOctets                                                      
20004f4a  supportedMaxTxTime                                                        
20004f4c  supportedMaxRxOctets                                                      
20004f4e  supportedMaxRxTime                                                        
20004f50  taskEndStatus                                                             
20004f52  postRfOperations                                                          
20004f54  rfCfgAdiVal                                                               
20004f58  gapProfileRole                                                            
20004f59  gapDeviceAddrMode                                                         
20004f5a  gapState                                                                  
20004f5b  terminateAllTaskID                                                        
20004f5c  terminateReason                                                           
20004f5d  gapTaskID                                                                 
20004f5e  gattNumConns                                                              
20004f5f  gattTaskID                                                                
20004f60  GATTServApp_TaskID                                                        
20004f61  maxNumPrepareWrites                                                       
20004f62  hciPTMenabled                                                             
20004f63  ctrlToHostEnable                                                          
20004f64  l2capFlowCtrlMode                                                         
20004f65  l2capTaskID                                                               
20004f66  l2capNumChannels                                                          
20004f67  l2capNumDataPkts                                                          
20004f68  l2capId                                                                   
20004f69  linkDBNumConns                                                            
20004f6a  linkDB_secureConnectionOnlyMode                                           
20004f6b  maxPduSize                                                                
20004f6c  rfFeModeBias                                                              
20004f6d  maxNumTxDataBufs                                                          
20004f6e  LL_TaskID                                                                 
20004f6f  llState                                                                   
20004f70  rssiCorrection                                                            
20004f71  curTxPowerVal                                                             
20004f72  maxTxPwrForDTM                                                            
20004f73  onePktPerEvt                                                              
20004f74  numComplPkts                                                              
20004f75  numComplPktsLimit                                                         
20004f76  numComplPktsFlush                                                         
20004f77  fastTxRespTime                                                            
20004f78  slOverride                                                                
20004f79  rxFifoFlowCtrl                                                            
20004f7a  numTxDataBufs                                                             
20004f7b  maxNumConns                                                               
20004f7c  smTaskID                                                                  
20004f7d  SM_appExpectingKey                                                        
20004f80  ECC_DATA$$Base                                                            
20004f80  eccRom_param_Gx                                                           
20004f84  eccRom_param_Gy                                                           
20004f88  eccRom_workzone                                                           
20004f8c  eccRom_param_p                                                            
20004f90  eccRom_param_r                                                            
20004f94  eccRom_param_a                                                            
20004f98  eccRom_param_b                                                            
20004f9c  eccRom_windowSize                                                         
20004fa0  aux64                                                                     
20004fa8  MOD                                                                       
20004fac  LEN                                                                       
20004fb0  inScalar                                                                  
20004fb4  inPointX                                                                  
20004fb8  inPointY                                                                  
20004fbc  outPointX                                                                 
20004fc0  outPointY                                                                 
20004fc4  SCAL                                                                      
20004fc8  EXPX                                                                      
20004fcc  EXPY                                                                      
20004fd0  EXPZ                                                                      
20004fd4  EXPW                                                                      
20004fd8  ACCX                                                                      
20004fdc  ACCY                                                                      
20004fe0  ACCZ                                                                      
20004fe4  TMP1                                                                      
20004fe8  TMP2                                                                      
20004fec  TMP3                                                                      
20004ff0  TMP4                                                                      
20004ff4  TMP5                                                                      
20004ff8  TMP6                                                                      
20004ffc  MSBMOD                                                                    
20005000  ECC_DATA$$Limit                                                           
e000e000  ti_sysbios_family_arm_m3_Hwi_nvic                                         
ffffffff  __TI_pprof_out_hndl                                                       
ffffffff  __TI_prof_data_size                                                       
ffffffff  __TI_prof_data_start                                                      
ffffffff  __binit__                                                                 
ffffffff  __c_args__                                                                
ffffffff  binit                                                                     
UNDEFED   HwiP_restore                                                              
UNDEFED   ICall_getTicks                                                            
UNDEFED   SHT$$INIT_ARRAY$$Base                                                     
UNDEFED   SHT$$INIT_ARRAY$$Limit                                                    
UNDEFED   ti_sysbios_BIOS_RtsGateProxy_Handle__label__S__mangled__                  
UNDEFED   ti_sysbios_BIOS_RtsGateProxy_Params__init__S__mangled__                   
UNDEFED   ti_sysbios_BIOS_RtsGateProxy_query__E__mangled__                          
UNDEFED   ti_sysbios_hal_Hwi_HwiProxy_Module__startupDone__S__mangled__             
UNDEFED   ti_sysbios_hal_Hwi_HwiProxy_Params__init__S__mangled__                    
UNDEFED   ti_sysbios_hal_Hwi_HwiProxy_disableInterrupt__E__mangled__                
UNDEFED   ti_sysbios_hal_Hwi_HwiProxy_enableInterrupt__E__mangled__                 
UNDEFED   ti_sysbios_hal_Hwi_HwiProxy_getStackInfo__E__mangled__                    
UNDEFED   ti_sysbios_hal_Hwi_HwiProxy_startup__E__mangled__                         
UNDEFED   ti_sysbios_hal_Hwi_HwiProxy_switchFromBootStack__E__mangled__             
UNDEFED   ti_sysbios_hal_Hwi_disableInterrupt__E                                    
UNDEFED   ti_sysbios_hal_Hwi_enableInterrupt__E                                     
UNDEFED   ti_sysbios_hal_Hwi_getStackInfo__E                                        
UNDEFED   ti_sysbios_hal_Hwi_startup__E                                             
UNDEFED   ti_sysbios_hal_Hwi_switchFromBootStack__E                                 
UNDEFED   ti_sysbios_heaps_HeapMem_Module_GateProxy_Handle__label__S__mangled__     
UNDEFED   ti_sysbios_heaps_HeapMem_Module_GateProxy_Params__init__S__mangled__      
UNDEFED   ti_sysbios_heaps_HeapMem_Module_GateProxy_query__E__mangled__             
UNDEFED   ti_sysbios_knl_Clock_TimerProxy_Module__startupDone__S__mangled__         
UNDEFED   ti_sysbios_knl_Clock_TimerProxy_startup__E__mangled__                     
UNDEFED   ti_sysbios_knl_Task_SupportProxy_Module__startupDone__S__mangled__        
UNDEFED   ti_sysbios_knl_Task_SupportProxy_getStackAlignment__E__mangled__          
UNDEFED   ti_sysbios_knl_Task_SupportProxy_start__E__mangled__                      
UNDEFED   ti_sysbios_knl_Task_SupportProxy_swap__E__mangled__                       
UNDEFED   xdc_runtime_Main_Module_GateProxy_Handle__label__S                        
UNDEFED   xdc_runtime_Main_Module_GateProxy_query__E                                
UNDEFED   xdc_runtime_Memory_HeapProxy_Handle__label__S__mangled__                  
UNDEFED   xdc_runtime_System_Module_GateProxy_Handle__label__S__mangled__           
UNDEFED   xdc_runtime_System_Module_GateProxy_query__E__mangled__                   
UNDEFED   xdc_runtime_System_SupportProxy_abort__E                                  
UNDEFED   xdc_runtime_System_SupportProxy_exit__E                                   
UNDEFED   xdc_runtime_Timestamp_SupportProxy_get64__E__mangled__                    
UNDEFED   xdc_runtime_Timestamp_SupportProxy_getFreq__E__mangled__                  
UNDEFED   xdc_runtime_Timestamp_get32__E                                            
UNDEFED   xdc_runtime_Timestamp_get64__E                                            
UNDEFED   xdc_runtime_Timestamp_getFreq__E                                          

[2199 symbols]
